2026-02-02 00:03:19 | INFO     | Request: {'symbol': 'BTCUSDT', 'side': 'BUY', 'type': 'MARKET', 'quantity': 0.001, 'price': None}
2026-02-02 00:03:19 | ERROR    | API error: APIError(code=-4164): Order's notional must be no smaller than 100 (unless you choose reduce only).
Traceback (most recent call last):
  File "D:\Fun\Primetrade\trading-bot\bot\orders.py", line 30, in place_order
    response = place_futures_order(
        client=client,
    ...<4 lines>...
        price=params.get("price"),
    )
  File "D:\Fun\Primetrade\trading-bot\bot\client.py", line 38, in place_futures_order
    return client.futures_create_order(**params)
           ~~~~~~~~~~~~~~~~~~~~~~~~~~~^^^^^^^^^^
  File "D:\Fun\Primetrade\trading-bot\.venv\Lib\site-packages\binance\client.py", line 7867, in futures_create_order
    return self._request_futures_api("post", "order", True, data=params)
           ~~~~~~~~~~~~~~~~~~~~~~~~~^^^^^^^^^^^^^^^^^^^^^^^^^^^^^^^^^^^^
  File "D:\Fun\Primetrade\trading-bot\.venv\Lib\site-packages\binance\client.py", line 143, in _request_futures_api
    return self._request(method, uri, signed, force_params, **kwargs)
           ~~~~~~~~~~~~~^^^^^^^^^^^^^^^^^^^^^^^^^^^^^^^^^^^^^^^^^^^^^
  File "D:\Fun\Primetrade\trading-bot\.venv\Lib\site-packages\binance\client.py", line 106, in _request
    return self._handle_response(self.response)
           ~~~~~~~~~~~~~~~~~~~~~^^^^^^^^^^^^^^^
  File "D:\Fun\Primetrade\trading-bot\.venv\Lib\site-packages\binance\client.py", line 115, in _handle_response
    raise BinanceAPIException(response, response.status_code, response.text)
binance.exceptions.BinanceAPIException: APIError(code=-4164): Order's notional must be no smaller than 100 (unless you choose reduce only).
2026-02-02 00:08:03 | INFO     | Request: {'symbol': 'BTCUSDT', 'side': 'BUY', 'type': 'MARKET', 'quantity': 0.002, 'price': None}
2026-02-02 00:08:03 | INFO     | Response: orderId=12073834057 status=NEW executedQty=0.000
2026-02-02 00:09:04 | INFO     | Request: {'symbol': 'BTCUSDT', 'side': 'SELL', 'type': 'MARKET', 'quantity': 0.002, 'price': None}
2026-02-02 00:09:05 | INFO     | Response: orderId=12073841201 status=NEW executedQty=0.000
